Command (m for help): p
Disk /dev/sde: 931.53 GiB, 1000204886016 bytes, 1953525168 sectors
Disk model: ssport
Units: sectors of 1 * 512 = 512 bytes
Sector size (logical/physical): 512 bytes / 512 bytes
I/O size (minimum/optimal): 4096 bytes / 33553920 bytes
Disklabel type: dos
Disk identifier: 0xd7882f4e

Device     Boot Start    End Sectors  Size Id Type
/dev/sde1        2048 526335  524288  256M  c W95 FAT32 (LBA)

Command (m for help): n
Partition type
   p   primary (1 primary, 0 extended, 3 free)
   e   extended (container for logical partitions)
Select (default p): p
Partition number (2-4, default 2):
First sector (526336-1953525167, default 589815): 526336
Last sector, +/-sectors or +/-size{K,M,G,T,P} (526336-1953525167, default 1953525167): 67635199

Created a new partition 2 of type 'Linux' and of size 32 GiB.

Command (m for help): p
Disk /dev/sde: 931.53 GiB, 1000204886016 bytes, 1953525168 sectors
Disk model: ssport
Units: sectors of 1 * 512 = 512 bytes
Sector size (logical/physical): 512 bytes / 512 bytes
I/O size (minimum/optimal): 4096 bytes / 33553920 bytes
Disklabel type: dos
Disk identifier: 0xd7882f4e

Device     Boot  Start      End  Sectors  Size Id Type
/dev/sde1         2048   526335   524288  256M  c W95 FAT32 (LBA)
/dev/sde2       526336 67635199 67108864   32G 83 Linux

Command (m for help): w
The partition table has been altered.
Calling ioctl() to re-read partition table.
Syncing disks.
