# fdisk /dev/sde

Welcome to fdisk (util-linux 2.34).
Changes will remain in memory only, until you decide to write them.
Be careful before using the write command.


Command (m for help): p
Disk /dev/sde: 931.53 GiB, 1000204886016 bytes, 1953525168 sectors
Disk model: ssport
Units: sectors of 1 * 512 = 512 bytes
Sector size (logical/physical): 512 bytes / 512 bytes
I/O size (minimum/optimal): 4096 bytes / 33553920 bytes
Disklabel type: dos
Disk identifier: 0xd7882f4e

Command (m for help): n
Partition type
   p   primary (0 primary, 0 extended, 4 free)
   e   extended (container for logical partitions)
Select (default p): p
Partition number (1-4, default 1):
First sector (65535-1953525167, default 65535):
Last sector, +/-sectors or +/-size{K,M,G,T,P} (65535-1953525167, default 1953525167): +256MB

Created a new partition 1 of type 'Linux' and of size 256 MiB.

Command (m for help): p
Disk /dev/sde: 931.53 GiB, 1000204886016 bytes, 1953525168 sectors
Disk model: ssport
Units: sectors of 1 * 512 = 512 bytes
Sector size (logical/physical): 512 bytes / 512 bytes
I/O size (minimum/optimal): 4096 bytes / 33553920 bytes
Disklabel type: dos
Disk identifier: 0xd7882f4e

Device     Boot Start    End Sectors  Size Id Type
/dev/sde1       65535 589814  524280  256M 83 Linux

Partition 1 does not start on physical sector boundary.
