# parted -a optimal /dev/sda
GNU Parted 3.3
Using /dev/sda
Welcome to GNU Parted! Type 'help' to view a list of commands.
(parted) print
Model: WD My Passport 25F3 (scsi)
Disk /dev/sda: 1024GB
Sector size (logical/physical): 512B/4096B
Partition Table: gpt
Disk Flags:

Number  Start  End  Size  File system  Name  Flags

(parted) mkpart primary fat32 2048s 256M
(parted) align-check optimal 1
1 aligned
(parted) unit s
(parted) print
Model: WD My Passport 25F3 (scsi)
Disk /dev/sda: 2000343040s
Sector size (logical/physical): 512B/4096B
Partition Table: gpt
Disk Flags:

Number  Start  End      Size     File system  Name     Flags
 1      2048s  499711s  497664s  fat32        primary

(parted) mkpart primary ext4 499712 30G
(parted) print
Model: WD My Passport 25F3 (scsi)
Disk /dev/sda: 2000343040s
Sector size (logical/physical): 512B/4096B
Partition Table: gpt
Disk Flags:

Number  Start    End        Size       File system  Name     Flags
 1      2048s    499711s    497664s    fat32        primary
 2      499712s  58593279s  58093568s  ext4         primary

(parted) align-check optimal 2
2 aligned
(parted) unit MB
(parted) set 1 boot on
(parted) print
Model: WD My Passport 25F3 (scsi)
Disk /dev/sda: 1024176MB
Sector size (logical/physical): 512B/4096B
Partition Table: gpt
Disk Flags:

Number  Start   End      Size     File system  Name     Flags
 1      1.05MB  256MB    255MB    fat32        primary  boot, esp
 2      256MB   30000MB  29744MB  ext4         primary

(parted) q
Information: You may need to update /etc/fstab.
