# parted -a optimal /dev/sda
GNU Parted 3.3
Using /dev/sda
Welcome to GNU Parted! Type 'help' to view a list of commands.
(parted) rm 2
(parted) rm 1
(parted) mkpart primary fat32 2048s 256M
(parted) align-check optimal 1
1 aligned
(parted) unit s
(parted) print
Model: External USB3.0 (scsi)
Disk /dev/sda: 976773168s
Sector size (logical/physical): 512B/4096B
Partition Table: msdos
Disk Flags:

Number  Start  End      Size     Type     File system  Flags
 1      2048s  499711s  497664s  primary  fat32        lba

(parted) mkpart primary ext4 499712 30G
(parted) print
Model: External USB3.0 (scsi)
Disk /dev/sda: 976773168s
Sector size (logical/physical): 512B/4096B
Partition Table: msdos
Disk Flags:

Number  Start    End        Size       Type     File system  Flags
 1      2048s    499711s    497664s    primary  fat32        lba
 2      499712s  58593279s  58093568s  primary  ext4         lba

(parted) align-check optimal 2
2 aligned
(parted) unit MB
(parted) set 1 boot on
(parted) print
Model: External USB3.0 (scsi)
Disk /dev/sda: 500GB
Sector size (logical/physical): 512B/4096B
Partition Table: msdos
Disk Flags:

Number  Start   End     Size    Type     File system  Flags
 1      1049kB  256MB   255MB   primary  fat32        boot, lba
 2      256MB   30.0GB  29.7GB  primary  ext4

(parted) q
Information: You may need to update /etc/fstab.
